// Jest Snapshot v1, https://goo.gl/fbAQLP

exports[`Icon should match snapshot 1`] = `
<DocumentFragment>
  <svg
    class=" "
    fill="none"
    height="20"
    viewBox="0 0 16 16"
    width="20"
    xmlns="http://www.w3.org/2000/svg"
    xmlns:xlink="http://www.w3.org/1999/xlink"
  >
    <use
      href="#tst-snapshot"
      xlink:href="#tst-snapshot"
    />
  </svg>
</DocumentFragment>
`;
